<testsuites id="" name="" tests="9" failures="0" skipped="0" errors="0" time="92.433496">
<testsuite name="09-microphone-management-comprehensive.spec.js" timestamp="2025-06-23T04:36:30.926Z" hostname="chromium" tests="9" failures="0" skipped="0" time="130.462" errors="0">
<testcase name="Microphone Management Page - Comprehensive Testing › Page loads without errors and has proper structure" classname="09-microphone-management-comprehensive.spec.js" time="11.312">
<system-out>
<![CDATA[[2025-06-23T04:36:38.384Z] 🧪 🎤 Setting up Microphone Management test 
[2025-06-23T04:36:43.303Z] 🧪 🧪 Testing page load and structure 
[2025-06-23T04:36:44.089Z] 🧪 ✅ Page structure validation passed 
📸 Screenshot saved: test-results/screenshots/Page_loads_without_errors_and_has_proper_structure_microphone_management_loaded.png
]]>
</system-out>
</testcase>
<testcase name="Microphone Management Page - Comprehensive Testing › Service status panel and restart buttons work" classname="09-microphone-management-comprehensive.spec.js" time="14.511">
<system-out>
<![CDATA[[2025-06-23T04:36:49.390Z] 🧪 🎤 Setting up Microphone Management test 
[2025-06-23T04:36:54.074Z] 🧪 🧪 Testing service status panel 
[2025-06-23T04:36:56.104Z] 🧪 ✅ Restart Microphone Service button works 
[2025-06-23T04:36:59.008Z] 🧪 ✅ Restart Audio Service button works 
📸 Screenshot saved: test-results/screenshots/Service_status_panel_and_restart_buttons_work_service_status_tested.png
]]>
</system-out>
</testcase>
<testcase name="Microphone Management Page - Comprehensive Testing › All management tabs work correctly" classname="09-microphone-management-comprehensive.spec.js" time="17.388">
<system-out>
<![CDATA[[2025-06-23T04:37:04.176Z] 🧪 🎤 Setting up Microphone Management test 
[2025-06-23T04:37:09.017Z] 🧪 🧪 Testing management tabs 
[2025-06-23T04:37:09.018Z] 🧪 Testing Overview Tab... 
[2025-06-23T04:37:10.853Z] 🧪 ✅ Overview Tab works correctly 
[2025-06-23T04:37:10.854Z] 🧪 Testing CRUD Tab... 
[2025-06-23T04:37:12.820Z] 🧪 ✅ CRUD Tab works correctly 
[2025-06-23T04:37:12.825Z] 🧪 Testing Testing Tab... 
[2025-06-23T04:37:15.317Z] 🧪 ✅ Testing Tab works correctly 
[2025-06-23T04:37:15.317Z] 🧪 Testing Monitoring Tab... 
[2025-06-23T04:37:17.491Z] 🧪 ✅ Monitoring Tab works correctly 
[2025-06-23T04:37:17.492Z] 🧪 Testing Configuration Tab... 
[2025-06-23T04:37:19.544Z] 🧪 ✅ Configuration Tab works correctly 
📸 Screenshot saved: test-results/screenshots/All_management_tabs_work_correctly_tabs_tested.png
]]>
</system-out>
</testcase>
<testcase name="Microphone Management Page - Comprehensive Testing › Overview tab quick action buttons work" classname="09-microphone-management-comprehensive.spec.js" time="18.791">
<system-out>
<![CDATA[[2025-06-23T04:37:21.377Z] 🧪 🎤 Setting up Microphone Management test 
[2025-06-23T04:37:25.870Z] 🧪 🧪 Testing overview tab quick actions 
[2025-06-23T04:37:30.389Z] 🧪 ✅ Create New Microphone button works 
[2025-06-23T04:37:33.159Z] 🧪 ✅ Detect Devices button works 
[2025-06-23T04:37:35.934Z] 🧪 ✅ Test All Microphones button works 
[2025-06-23T04:37:38.394Z] 🧪 ✅ Export Configuration button works 
📸 Screenshot saved: test-results/screenshots/Overview_tab_quick_action_buttons_work_quick_actions_tested.png
]]>
</system-out>
</testcase>
<testcase name="Microphone Management Page - Comprehensive Testing › CRUD tab functionality works" classname="09-microphone-management-comprehensive.spec.js" time="16.163">
<system-out>
<![CDATA[[2025-06-23T04:37:40.191Z] 🧪 🎤 Setting up Microphone Management test 
[2025-06-23T04:37:44.359Z] 🧪 🧪 Testing CRUD tab functionality 
[2025-06-23T04:37:51.445Z] 🧪 ✅ Create microphone form appears 
[2025-06-23T04:37:53.807Z] 🧪 ✅ Select All button works correctly 
[2025-06-23T04:37:55.006Z] 🧪 ✅ Select None button works correctly 
[2025-06-23T04:37:55.055Z] 🧪 Bulk Delete disabled state: true (expected) 
[2025-06-23T04:37:55.056Z] 🧪 ✅ Bulk Delete button works correctly 
[2025-06-23T04:37:55.088Z] 🧪 Bulk Test disabled state: true (expected) 
[2025-06-23T04:37:55.089Z] 🧪 ✅ Bulk Test button works correctly 
[2025-06-23T04:37:55.122Z] 🧪 Bulk Export disabled state: true (expected) 
[2025-06-23T04:37:55.123Z] 🧪 ✅ Bulk Export button works correctly 
📸 Screenshot saved: test-results/screenshots/CRUD_tab_functionality_works_crud_tab_tested.png

📊 Microphone Management Test Results:
✅ Buttons Working: 9
❌ Buttons Failed: 0
✅ Tabs Working: 5
❌ Tabs Failed: 0
✅ Forms Working: 1
❌ Forms Failed: 0
✅ Services Working: 2
❌ Services Failed: 0
🚨 Total Errors: 0
]]>
</system-out>
</testcase>
<testcase name="Microphone Management Page - Comprehensive Testing › Testing tab controls work" classname="09-microphone-management-comprehensive.spec.js" time="11.422">
<system-out>
<![CDATA[[2025-06-23T04:36:38.237Z] 🧪 🎤 Setting up Microphone Management test 
[2025-06-23T04:36:42.953Z] 🧪 🧪 Testing testing tab controls 
[2025-06-23T04:36:45.203Z] 🧪 Start Comprehensive Test disabled state: true 
[2025-06-23T04:36:45.208Z] 🧪 ✅ Start Comprehensive Test button exists and behaves correctly 
[2025-06-23T04:36:45.487Z] 🧪 Stop Test disabled state: true 
[2025-06-23T04:36:45.488Z] 🧪 ✅ Stop Test button exists and behaves correctly 
[2025-06-23T04:36:46.306Z] 🧪 Quick Test disabled state: true 
[2025-06-23T04:36:46.311Z] 🧪 ✅ Quick Test button exists and behaves correctly 
[2025-06-23T04:36:46.854Z] 🧪 Ambient Test disabled state: true 
[2025-06-23T04:36:46.855Z] 🧪 ✅ Ambient Test button exists and behaves correctly 
📸 Screenshot saved: test-results/screenshots/Testing_tab_controls_work_testing_tab_tested.png
]]>
</system-out>
</testcase>
<testcase name="Microphone Management Page - Comprehensive Testing › Search and filter functionality works" classname="09-microphone-management-comprehensive.spec.js" time="15.999">
<system-out>
<![CDATA[[2025-06-23T04:36:49.522Z] 🧪 🎤 Setting up Microphone Management test 
[2025-06-23T04:36:54.212Z] 🧪 🧪 Testing search and filter functionality 
[2025-06-23T04:36:57.450Z] 🧪 ✅ Search input works 
[2025-06-23T04:36:58.958Z] 🧪 ✅ Filter dropdown works 
[2025-06-23T04:37:01.300Z] 🧪 ✅ Refresh button works 
📸 Screenshot saved: test-results/screenshots/Search_and_filter_functionality_works_search_filter_tested.png
]]>
</system-out>
</testcase>
<testcase name="Microphone Management Page - Comprehensive Testing › Microphone card actions work" classname="09-microphone-management-comprehensive.spec.js" time="13.748">
<system-out>
<![CDATA[[2025-06-23T04:37:05.632Z] 🧪 🎤 Setting up Microphone Management test 
[2025-06-23T04:37:10.135Z] 🧪 🧪 Testing microphone card actions 
[2025-06-23T04:37:11.914Z] 🧪 Found 5 microphone cards 
[2025-06-23T04:37:13.950Z] 🧪 ✅ Card Test Button works 
[2025-06-23T04:37:16.994Z] 🧪 ✅ Card Edit Button works 
📸 Screenshot saved: test-results/screenshots/Microphone_card_actions_work_microphone_cards_tested.png
]]>
</system-out>
</testcase>
<testcase name="Microphone Management Page - Comprehensive Testing › JavaScript functionality initializes correctly" classname="09-microphone-management-comprehensive.spec.js" time="11.128">
<system-out>
<![CDATA[[2025-06-23T04:37:19.222Z] 🧪 🎤 Setting up Microphone Management test 
[2025-06-23T04:37:23.970Z] 🧪 🧪 Testing JavaScript initialization 
[2025-06-23T04:37:26.001Z] 🧪 ⚠️ JavaScript errors found: 2 
📸 Screenshot saved: test-results/screenshots/JavaScript_functionality_initializes_correctly_javascript_tested.png

📊 Microphone Management Test Results:
✅ Buttons Working: 10
❌ Buttons Failed: 0
✅ Tabs Working: 0
❌ Tabs Failed: 0
✅ Forms Working: 0
❌ Forms Failed: 0
✅ Services Working: 0
❌ Services Failed: 0
🚨 Total Errors: 1

🚨 Errors encountered:
  - JavaScript errors: WebSocket connection to 'ws://localhost:8776/' failed: Error in connection establishment: net::ERR_CONNECTION_REFUSED, WebSocket error for microphone: Event
]]>
</system-out>
</testcase>
</testsuite>
</testsuites>